// Jest Snapshot v1, https://goo.gl/fbAQLP

exports[`<EmployerBracketPage /> renders without exploding 1`] = `"[component: LoadingIndicator /]"`;
