// Jest Snapshot v1, https://goo.gl/fbAQLP

exports[`<EmployerActionLinks /> renders without exploding 1`] = `null`;
